FSM 1 : VALID TRANSITION GRAPH

1000 : FSM STATE NOT REACHABLE FROM OUTSIDE.

   OUTGOING TRANSITIONS:
      0010

   INCOMING TRANSITIONS:
      0100
      1001
      0101
      1010


1001 : FSM STATE NOT REACHABLE FROM OUTSIDE.

   OUTGOING TRANSITIONS:
      0000
      1001
      0101
      1000

   INCOMING TRANSITIONS:
      0100
      1001
      1010


1010 : FSM STATE NOT REACHABLE FROM OUTSIDE.

   OUTGOING TRANSITIONS:
      0000
      1001
      1000

   INCOMING TRANSITIONS:
      0101


0000 : FSM STATE NOT REACHABLE FROM OUTSIDE.

   OUTGOING TRANSITIONS:
      0000
      0010

   INCOMING TRANSITIONS:
      0000
      0010
      0011
      0100
      0110
      1001
      0101
      0111
      1010


0001 : FSM STATE NOT REACHABLE FROM OUTSIDE.

   OUTGOING TRANSITIONS:
      0010
      0001

   INCOMING TRANSITIONS:
      0001
      0100
      0101


0010 : FSM STATE NOT REACHABLE FROM OUTSIDE.

   OUTGOING TRANSITIONS:
      0000
      0011

   INCOMING TRANSITIONS:
      0000
      0001
      0100
      0110
      0101
      0111
      1000


0100 : FSM STATE NOT REACHABLE FROM OUTSIDE.

   OUTGOING TRANSITIONS:
      0000
      0101
      0010
      0001
      0110
      1001
      1000

   INCOMING TRANSITIONS:
      0011


0011 : FSM STATE NOT REACHABLE FROM OUTSIDE.

   OUTGOING TRANSITIONS:
      0000
      0011
      0100

   INCOMING TRANSITIONS:
      0010
      0011


0101 : FSM STATE NOT REACHABLE FROM OUTSIDE.

   OUTGOING TRANSITIONS:
      0000
      0001
      0010
      0111
      1010
      1000

   INCOMING TRANSITIONS:
      0100
      0110
      1001


0110 : FSM STATE NOT REACHABLE FROM OUTSIDE.

   OUTGOING TRANSITIONS:
      0000
      0110
      0101
      0010

   INCOMING TRANSITIONS:
      0100
      0110


0111 : FSM STATE NOT REACHABLE FROM OUTSIDE.

   OUTGOING TRANSITIONS:
      0000
      0111
      0010

   INCOMING TRANSITIONS:
      0101
      0111


